../Core/Src/main.c:87:5:main	176	static
../Core/Src/main.c:161:12:HAL_UART_RxCpltCallback	40	static
../Core/Src/main.c:183:15:HAL_TIM_PeriodElapsedCallback	56	static
../Core/Src/main.c:207:15:Process_Command	144	static
../Core/Src/main.c:254:6:SystemClock_Config	88	static
../Core/Src/main.c:302:13:MX_RTC_Init	8	static
../Core/Src/main.c:337:13:MX_TIM2_Init	32	static
../Core/Src/main.c:382:13:MX_USART2_UART_Init	8	static
../Core/Src/main.c:415:13:MX_GPIO_Init	40	static
../Core/Src/main.c:453:6:Error_Handler	4	static,ignoring_inline_asm
