../Core/Src/main.c:78:5:main	72	static
../Core/Src/main.c:130:6:SystemClock_Config	88	static
../Core/Src/main.c:176:13:MX_NVIC_Init	8	static
../Core/Src/main.c:191:13:MX_TIM2_Init	32	static
../Core/Src/main.c:236:13:MX_USART2_UART_Init	8	static
../Core/Src/main.c:269:13:MX_GPIO_Init	40	static
../Core/Src/main.c:302:6:HAL_TIM_PeriodElapsedCallback	16	static
../Core/Src/main.c:315:6:HAL_UART_RxCpltCallback	40	static
../Core/Src/main.c:337:6:HAL_GPIO_EXTI_Callback	120	static
../Core/Src/main.c:365:6:Error_Handler	4	static,ignoring_inline_asm
